// /gamos/generator/energyDist source GmGenerDistEnergyFromFile AmBe.energy.lis interpolate_log
// Reference ISO Neutron Spectra
//          Am-Be
//Energy (MeV)       Bi
// group source strengths, Bi, in certain energy intervals, i.e. the source strength of neutrons having energies between Ei and Ei+1.
 4.14E-07       1.44E-02/0.415586 
 1.10E-01       3.34E-02/0.415586
 3.30E-01       3.13E-02/0.415586
 5.40E-01       2.81E-02/0.415586
 7.50E-01       2.50E-02/0.415586
 9.70E-01       2.14E-02/0.415586
 1.18E+00       1.98E-02/0.415586
 1.40E+00       1.75E-02/0.415586
 1.61E+00       1.92E-02/0.415586
 1.82E+00       2.23E-02/0.415586
 2.04E+00       2.15E-02/0.415586
 2.25E+00       2.25E-02/0.415586
 2.47E+00       2.28E-02/0.415586
 2.68E+00       2.95E-02/0.415586
 2.90E+00       3.56E-02/0.415586
 3.11E+00       3.69E-02/0.415586
 3.32E+00       3.46E-02/0.415586
 3.54E+00       3.07E-02/0.415586
 3.75E+00       3.00E-02/0.415586
 3.97E+00       2.69E-02/0.415586
 4.18E+00       2.86E-02/0.415586
 4.39E+00       3.18E-02/0.415586
 4.61E+00       3.07E-02/0.415586
 4.82E+00       3.33E-02/0.415586
 5.04E+00       3.04E-02/0.415586
 5.25E+00       2.74E-02/0.415586
 5.47E+00       2.33E-02/0.415586
 5.68E+00       2.06E-02/0.415586
 5.89E+00       1.82E-02/0.415586
 6.11E+00       1.77E-02/0.415586
 6.32E+00       2.04E-02/0.415586
 6.54E+00       1.83E-02/0.415586
 6.75E+00       1.63E-02/0.415586
 6.96E+00       1.68E-02/0.415586
 7.18E+00       1.68E-02/0.415586
 7.39E+00       1.88E-02/0.415586
 7.61E+00       1.84E-02/0.415586
 7.82E+00       1.69E-02/0.415586
 8.03E+00       1.44E-02/0.415586
 8.25E+00       9.68E-03/0.415586
 8.46E+00       6.52E-03/0.415586
 8.68E+00       4.26E-03/0.415586
 8.89E+00       3.67E-03/0.415586
 9.11E+00       3.81E-03/0.415586
 9.32E+00       5.06E-03/0.415586
 9.53E+00       6.25E-03/0.415586
 9.75E+00       5.52E-03/0.415586
 9.96E+00       4.68E-03/0.415586
 1.02E+01       3.70E-03/0.415586
 1.04E+01       2.78E-03/0.415586
 1.06E+01       1.51E-03/0.415586
 1.08E+01       3.63E-04/0.415586 
