// Table A.25 Conversion coefficients from air kerma free-in-air to Hp(O.O7,0o) in an ICRU slab and angular dependence factors, R(lO,a) (Grosswendt et al., nd).
Photon energy Hp(0.07,0p)/Ka  Ratio Hp(0.07,alpha)/Hp(0.07,0o)
(MeV)       (Sv/Gy)    0o 15o 30o 45o 60o 75o
0.005	0.75	1	0.991	0.956	0.895	0.769	0.457
0.01	0.947	1	0.996	0.994	0.987	0.964	0.904
0.015	0.981	1	1	1.001	0.994	0.992	0.954
0.02	1.045	1	0.996	0.996	0.987	0.982	0.948
0.03	1.23	1	0.99	0.989	0.972	0.946	0.897
0.04	1.444	1	0.994	0.99	0.965	0.923	0.857
0.05	1.632	1	0.994	0.979	0.954	0.907	0.828
0.06	1.716	I	0.995	0.984	0.961	0.913	0.837
0.08	1.732	1	0.994	0.991	0.966	0.927	0.855
0.1	1.669	1	0.993	0.99	0.973	0.946	0.887
0.15	1.518	1	1.001	1.005	0.995	0.977	0.95
0.2	1.432	1	1.001	1.001	1.003	0.997	0.981
0.3	1.336	1	1.002	1.007	1.01	1.019	1.013
0.4	1.28	1	1.002	1.009	1.016	1.032	1.035
0.5	1.244	1	1.002	1.008	1.02	1.04	1.054
0.6	1.22	1	1.003	1.009	1.019	1.043	1.057
0.8	1.189	1	1.001	1.008	1.019	1.043	1.062
1	1.173	1	1.002	1.005	1.016	1.038	1.06
