//Table5 . Shallow dose-equivalet index,H1s (0.07 mm) per unit fluence for photons incident in various geometries on the ICRU sphere (calculate the MAXIMUM in a 0.07 mm deep shell: just you an small as possible solid angle of the shell)
// Photon   Conversion coefficients, pSv cm2
//energy(MeV) PAR OPP    ROT 	IS0
0.01	6.91	3.46	3.07	2.97
0.015	3.04	1.58	1.46	1.44
0.02	1.72	1.05	1.02	0.856
0.03	0.875	0.601	0.601	0.445
0.04	0.622	0.429	0.429	0.315
0.05	0.533	0.361	0.361	0.269
0.06	0.505	0.349	0.349	0.258
0.08	0.532	0.391	0.391	0.287
0.1	0.616	0.478	0.478	0.348
0.15	0.891	0.761	0.761	0.542
0.2	1.19	1.07	1.07	0.757
0.3	1.85	1.72	1.72	1.22
0.4	2.46	2.32	2.32	1.67
0.5	3.04	2.87	2.87	2.1
0.6	3.59	3.4	3.4	2.53
0.8	4.6	4.39	4.39	3.34
1	5.49	5.25	5.25	4.09
1.5	7.32	7.09	7.09	5.71
2	8.85	8.62	8.62	7.11
3	11.5	11.2	11.2	9.57
4	13.8	13.5	13.5	11.7
5	15.9	15.6	15.6	13.7
6	17.9	17.6	17.6	15.6
8	22	21.4	21.4	19.3
10	26.1	25.1	25.1	22.9
				
