//Table 8. Dose equivalent per unit fluence on the principal axis at a depth of 0.07mm for photons incident in various geometries on the ICRU sphere (use the ICRU spere and calculate the dose in a small region along the principal axis)
//Photon Conversion coefficient, pSv cm2
//energy(MeV) PAR OPP	ROT	IS0
0.01	6.91	3.46	3.07	2.97
0.015	3.04	1.52	1.46	1.44
0.02	1.72	0.857	0.854	0.856
0.03	0.861	0.431	0.439	0.445
0.04	0.59	0.295	0.308	0.315
0.05	0.491	0.246	0.262	0.269
0.06	0.458	0.233	0.25	0.258
0.08	0.489	0.254	0.273	0.287
0.1	0.576	0.302	0.333	0.348
0.15	0.852	0.45	0.513	0.542
0.2	1.15	0.614	0.714	0.757
0.3	1.77	0.977	1.15	1.22
0.4	2.35	1.32	1.57	1.67
0.5	2.88	1.63	1.96	2.1
0.6	3.39	1.94	2.36	2.53
0.8	4.35	2.64	3.14	3.34
1	5.19	3.21	3.85	4.09
1.5	7.05	4.76	5.42	5.7
2	8.52	5.94	6.78	7.1
3	11.2	8.3	9.2	9.57
4	13.5	10.2	11.3	11.7
5	15.5	12	13.3	13.7
6	17.5	13.9	15.1	15.6
8	21.6	17.4	18.7	19.2
10	25.7	20.8	22.3	22.9
