Table A.21. Conversion coefficients for the ambient dose equivalent, H*(lO), and directional dose equivalent, H’(0.07,0”), from photon fluence and air kerma free-in-air
//Photon energy  H*(lO)/Ka  H’(0.07,0o)/Ka  Ka/F  H*(10)/F  H'(0.07,0o)/F
//(MeV)  	 (pSv cm2)  (pSv cm2)	    (pSv cm2)	   (pSv cm2)
0.01	0.008	0.95	7.6	0.061	7.2
0.015	0.26	0.99	3.21	0.83	3.19
0.02	0.61	1.05	1.73	1.05	1.81
0.03	1.1	1.22	0.739	0.81	0.9
0.04	1.47	1.41	0.438	0.64	0.62
0.05	1.67	1.53	0.328	0.55	0.5
0.06	0.61	1.59	0.292	0.51	0.47
0.08	1.74	1.61	0.308	0.53	0.49
0.1	1.72	1.55	0.372	0.61	0.58
0.15	1.65	1.42	0.6	0.89	0.85
0.2	1.49	1.34	0.856	1.2	1.15
0.3	1.4	1.31	1.38	1.8	1.8
0.4	1.31	1.26	1.89	2.38	2.38
0.5	1.26	1.23	2.38	2.93	2.93
0.6	1.23	1.21	2.84	3.44	3.44
0.8	1.21	1.19	3.69	4.38	4.38
1	1.19	1.17	4.47	5.2	5.2
1.5	1.17	1.15	6.12	6.9	6.9
2	1.15	1.14	7.51	8.6	8.6
3	1.14	1.13	9.89	11.1	11.1
4	1.13	1.12	12	13.4	13.4
5	1.12	1.11	13.9	15.5	15.5
6	1.11	1.11	15.8	17.6	17.6
8	1.11	1.11	19.5	21.6	21.6
10	1.11	1.1	23.2	25.6	25.6
//“Data compiled from ICRU Report 47 (1992a) using Hubbell and Seltzer (1995). The KJ@ data are slightly different from those used for the protection quantities (see Table A. 1) which used earlier data from Hubbell (1982).