Table A.24. Conversion coefficients from air kerma free-in-air to H,(lO,O”) in an ICRU slab and angular dependence factors R(10,alpha) (Grosswendt et al., nd).
Photon energy Hp(10,0p)/Ka  Ratio Hp(10,alpha)/Hp(10,0o)
(MeV)       (Sv/Gy)    0o 15o 30o 45o 60o 75o
0.01	0.009	1	0.889	0.556	0.222	0	0
0.0125	0.098	1	0.929	0.704	0.388	0.102	0
0.015	0.264	1	0.966	0.822	0.576	0.261	0.03
0.0175	0.445	1	0.971	0.879	0.701	0.416	0.092
0.02	0.611	1	0.982	0.913	0.763	0.52	0.167
0.025	0.883	1	0.98	0.937	0.832	0.65	0.319
0.03	1.112	1	0.984	0.95	0.868	0.716	0.411
0.04	1.49	1	0.986	0.959	0.894	0.76	0.494
0.05	1.766	1	0.988	0.963	0.891	0.779	0.526
0.06	1.892	1	0.988	0.969	0.911	0.793	0.561
0.08	1.903	1	0.997	0.97	0.919	0.809	0.594
0.1	1.811	1	0.992	0.972	0.927	0.834	0.612
0.125	1.696	1	0.998	0.98	0.938	0.857	0.647
0.15	1.607	I	0.997	0.984	0.947	0.871	0.677
0.2	1.492	1	0.997	0.991	0.959	0.9	0.724
0.3	1.369	1	1	0.996	0.984	0.931	0.771
0.4	1.3	1	1.004	1.001	0.993	0.955	0.814
0.5	1.256	1	1.005	1.002	1.001	0.968	0.846
0.6	1.226	1	1.005	1.004	1.003	0.975	0.868
0.8	1.19	1	1.001	1.003	1.007	0.987	0.892
1	1.167	1	1	0.996	1.009	0.99	0.91
1.5	1.139	1	1.002	1.003	1.006	0.997	0.934
3	1.117	1	1.005	1.01	0.998	0.998	0.958
6	1.109	1	1.003	1.003	0.992	0.997	0.995
10	1.111	1	0.998	0.995	0.989	0.992	0.966
