//Table A.1.
//Energy AP
0.01 0.0685
0.015 0.156
0.02 0.225
0.03 0.313
0.04 0.351
0.05 0.37
0.06 0.39
0.07 0.413
0.08 0.444
0.1 0.519
0.15 0.748
0.2 1
0.3 1.51
0.4 2
0.5 2.47
0.511 2.52
0.6 2.91
0.662 3.17
0.8 3.73
1 4.49
1.117 4.9
1.33 5.59
1.5 6.12
2 7.48
3 9.75
4 11.7
5 13.4
6 15
6.129 15.1
8 17.8
10 20.5
15 26.1
20 30.8
30 37.9
40 43.1
50 47.1
60 50.1
80 54.5
100 57.8
150 63.3
200 67.3
300 72.3
400 75.5
500 77.5
600 78.9
800 80.5
1000 81.7
1500 83.8
2000 85.2
3000 86.9
4000 88.1
5000 88.9
6000 89.5
8000 90.2
10000 90.7
//AP, antero-posterior;
