//Table 6 . Dose equivalent per unit fluence on the principal axis at a depth of 10 mm for photons incident in various geometries on the ICRU (use the ICRU spere and calculate the dose in a small region along the principal axis)
//For the ICRU sphere, four idealized geometries are sometimes discussed, three involving broad beams-single plane parallel beam, two opposed plane parallel beams, rotating plane parallel beam-with the fourth being an isotropic field.
//Photon Conversion coefficient, lo-'* Sv cm*
//energy(Mev) PAR OPP  ROT	IS0
0.01	0.0769	0.0388	0.0132	0.0067
0.015	0.846	0.423	0.231	0.165
0.02	1.01	0.544	0.355	0.294
0.03	0.785	0.393	0.332	0.306
0.04	0.614	0.309	0.282	0.271
0.05	0.526	0.269	0.255	0.249
0.06	0.504	0.262	0.25	0.247
0.08	0.532	0.279	0.276	0.276
0.1	0.611	0.323	0.328	0.329
0.15	0.89	0.479	0.497	0.504
0.2	1.18	0.644	0.687	0.703
0.3	1.81	1.02	1.1	1.14
0.4	2.38	1.38	1.51	1.56
0.5	2.89	1.66	1.9	1.97
0.6	3.38	1.97	2.28	2.37
0.8	4.29	2.69	3	3.12
1	5.11	3.26	3.68	3.83
1.5	6.92	4.74	5.24	5.43
2	8.48	6.05	6.62	6.85
3	11.1	8.27	9.01	9.29
4	13.3	10.2	11.1	11.4
5	15.4	12.1	13.1	13.4
6	17.4	13.9	15	15.3
8	21.2	17.3	18.5	18.9
10	25.2	20.7	22	22.4
